I'm sorry, but errors were detected in your script. Please correct the
errors listed below, and try again.


File "game/screens.rpy", line 292: Line is indented, but the preceding style_prefix statement does not expect a block. Please check this line's indentation. You may have forgotten a colon (:).
    if main_menu:
    ^

Ren'Py Version: Ren'Py 8.3.4.24120703
Thu Oct  2 21:01:56 2025
